------------------------------------------------------------------------------------------------------------------------

[2026-06-08 12:14:48 #1 store] 
Database 'C:\Users\06_1DAW_Alum\Desktop\Tema_10\eventos.odb' is opened by 16288@PC-06

[2026-06-08 12:14:48 #2 store] 
Configuration path: C:\Users\06_1DAW_Alum\Desktop\objectdb-2.9.5\objectdb.conf

[2026-06-08 12:15:18 #3 store] 
Database 'C:\Users\06_1DAW_Alum\Desktop\Tema_10\eventos.odb' is closed by 16288@PC-06

[2026-06-08 12:15:19 #4 explorer] 
[ObjectDB 2.9.5] javax.persistence.PersistenceException
Failed to open file 'C:\Users\06_1DAW_Alum\Desktop\Tema_10\src\Ejercicio11' (error 115)
	at javax.swing.Timer.fireActionPerformed(Unknown Source)
	at javax.swing.Timer$DoPostEvent.run(Unknown Source)
	at java.awt.event.InvocationEvent.dispatch(Unknown Source)
	at java.awt.EventQueue.dispatchEventImpl(Unknown Source)
	at java.awt.EventQueue.access$500(Unknown Source)
	at java.awt.EventQueue$3.run(Unknown Source)
	at java.awt.EventQueue$3.run(Unknown Source)
	at java.security.AccessController.doPrivileged(Native Method)
	at java.security.ProtectionDomain$JavaSecurityAccessImpl.doIntersectionPrivilege(Unknown Source)
	at java.awt.EventQueue.dispatchEvent(Unknown Source)
	at java.awt.EventDispatchThread.pumpOneEventForFilters(Unknown Source)
	at java.awt.EventDispatchThread.pumpEventsForFilter(Unknown Source)
	at java.awt.EventDispatchThread.pumpEventsForHierarchy(Unknown Source)
	at java.awt.EventDispatchThread.pumpEvents(Unknown Source)
	at java.awt.EventDispatchThread.pumpEvents(Unknown Source)
	at java.awt.EventDispatchThread.run(Unknown Source)
Caused by: com.objectdb.o.UserException: Failed to open file 'C:\Users\06_1DAW_Alum\Desktop\Tema_10\src\Ejercicio11'
	at com.objectdb.o.MSG.a(MSG.java:77)
	at com.objectdb.o.LFL.t(LFL.java:1507)
	at com.objectdb.o.LFL.x(LFL.java:918)
	at com.objectdb.o.LFL.x(LFL.java:814)
	at com.objectdb.o.DFL.<init>(DFL.java:241)
	at com.objectdb.o.DMG.<init>(DMG.java:27)
	at com.objectdb.o.MST.<init>(MST.java:127)
	at com.objectdb.o.MST.ap(MST.java:109)
	at com.objectdb.o.MSF.Zf(MSF.java:190)
	at com.objectdb.o.OMF.s(OMF.java:819)
	at com.objectdb.jpa.EMF.s(EMF.java:127)
	at com.objectdb.o.OMF.x(OMF.java:725)
	at com.objectdb.jpa.EMF.createEntityManager(EMF.java:145)
	... 18 more
Caused by: java.io.FileNotFoundException: C:\Users\06_1DAW_Alum\Desktop\Tema_10\src\Ejercicio11 (Acceso denegado)
	at java.io.RandomAccessFile.open0(Native Method)
	at java.io.RandomAccessFile.open(Unknown Source)
	at java.io.RandomAccessFile.<init>(Unknown Source)
	at com.objectdb.o.LFL.x(LFL.java:901)
	... 28 more

