------------------------------------------------------------------------------------------------------------------------

[2026-06-09 09:10:40 #1 store] 
Database 'C:\Users\06_1DAW_Alum\Desktop\objectdb-2.9.5\db\dacarex.odb' is opened by 1804@PC-06

[2026-06-09 09:10:40 #2 store] 
Configuration path: C:\Users\06_1DAW_Alum\Desktop\objectdb-2.9.5\objectdb.conf

[2026-06-09 09:10:40 #3 type] 
Type com.dacarex.capital.modelo.EntidadBase is not enhanced.

[2026-06-09 09:10:40 #4 type] 
Type com.dacarex.capital.modelo.Categoria is not enhanced.

[2026-06-09 09:10:40 #5 type] 
Type com.dacarex.capital.modelo.Usuario is not enhanced.

[2026-06-09 09:10:56 #6 type] 
Type com.dacarex.capital.modelo.Movimiento is not enhanced.

[2026-06-09 09:11:48 #7 store] 
Database 'C:\Users\06_1DAW_Alum\Desktop\objectdb-2.9.5\db\dacarex.odb' is closed by 1804@PC-06

------------------------------------------------------------------------------------------------------------------------

[2026-06-09 09:18:32 #1 store] 
Database 'C:\Users\06_1DAW_Alum\Desktop\objectdb-2.9.5\db\dacarex.odb' is opened by 3788@PC-06

[2026-06-09 09:18:32 #2 store] 
Configuration path: C:\Users\06_1DAW_Alum\Desktop\objectdb-2.9.5\objectdb.conf

[2026-06-09 09:18:32 #3 type] 
Type com.dacarex.capital.modelo.EntidadBase is not enhanced.

[2026-06-09 09:18:32 #4 type] 
Type com.dacarex.capital.modelo.Categoria is not enhanced.

[2026-06-09 09:18:32 #5 type] 
Type com.dacarex.capital.modelo.Usuario is not enhanced.

[2026-06-09 09:18:32 #6 type] 
Type com.dacarex.capital.modelo.Movimiento is not enhanced.

